Command: /home/warezoid/.espressif/python_env/idf5.5_py3.12_env/bin/python /esp/esp-idf/tools/idf_monitor.py -p /dev/ttyUSB0 -b 115200 --toolchain-prefix xtensa-esp32-elf- --target esp32 --revision 0 /media/warezoid/Storage drive1/warezoid/work/projects/smart_flowerpot/code/src/esp-idf/smart_flowerpot/esp32/drivers/motion/build/motion.elf /media/warezoid/Storage drive1/warezoid/work/projects/smart_flowerpot/code/src/esp-idf/smart_flowerpot/esp32/drivers/motion/build/bootloader/bootloader.elf -m '/home/warezoid/.espressif/python_env/idf5.5_py3.12_env/bin/python' '/esp/esp-idf/tools/idf.py' '-p' '/dev/ttyUSB0'
[0;32mI (152) esp_image: segment 5: paddr=0003b000 vaddr=50000000 size=00020h (    32) load[0m
[0;32mI (159) boot: Loaded app from partition at offset 0x10000[0m
[0;32mI (159) boot:�ets Jul 29 2019 12:21:46[0m

rst:0x1 (POWERON_RESET),boot:0x13 (SPI_FAST_FLASH_BOOT)
configsip: 0, SPIWP:0xee
clk_drv:0x00,q_drv:0x00,d_drv:0x00,cs0_drv:0x00,hd_drv:0x00,wp_drv:0x00
mode:DIO, clock div:2
load:0x3fff0030,len:6384
load:0x40078000,len:15916
load:0x40080400,len:3920
entry 0x40080644
[0;32mI (27) boot: ESP-IDF v5.5.2 2nd stage bootloader[0m
[0;32mI (27) boot: compile time Apr 11 2026 16:46:54[0m
[0;32mI (28) boot: Multicore bootloader[0m
[0;32mI (29) boot: chip revision: v3.1[0m
[0;32mI (32) boot.esp32: SPI Speed      : 40MHz[0m
[0;32mI (35) boot.esp32: SPI Mode       : DIO[0m
[0;32mI (39) boot.esp32: SPI Flash Size : 2MB[0m
[0;32mI (42) boot: Enabling RNG early entropy source...[0m
[0;32mI (47) boot: Partition Table:[0m
[0;32mI (49) boot: ## Label            Usage          Type ST Offset   Length[0m
[0;32mI (56) boot:  0 nvs              WiFi data        01 02 00009000 00006000[0m
[0;32mI (62) boot:  1 phy_init         RF data          01 01 0000f000 00001000[0m
[0;32mI (69) boot:  2 factory          factory app      00 00 00010000 00100000[0m
[0;32mI (75) boot: End of partition table[0m
[0;32mI (79) esp_image: segment 0: paddr=00010020 vaddr=3f400020 size=0a57ch ( 42364) map[0m
[0;32mI (101) esp_image: segment 1: paddr=0001a5a4 vaddr=3ffb0000 size=02478h (  9336) load[0m
[0;32mI (104) esp_image: segment 2: paddr=0001ca24 vaddr=40080000 size=035f4h ( 13812) load[0m
[0;32mI (110) esp_image: segment 3: paddr=00020020 vaddr=400d0020 size=10ff4h ( 69620) map[0m
[0;32mI (136) esp_image: segment 4: paddr=0003101c vaddr=400835f4 size=09fdch ( 40924) load[0m
[0;32mI (152) esp_image: segment 5: paddr=0003b000 vaddr=50000000 size=00020h (    32) load[0m
[0;32mI (159) boot: Loaded app from partition at offset 0x10000[0m
[0;32mI (159) boot: Disabling RNG early entropy source...[0m
[0;32mI (170) cpu_start: Multicore app[0m
[0;32mI (178) cpu_start: GPIO 3 and 1 are used as console UART I/O pins[0m
[0;32mI (179) cpu_start: Pro cpu start user code[0m
[0;32mI (179) cpu_start: cpu freq: 160000000 Hz[0m
[0;32mI (180) app_init: Application information:[0m
[0;32mI (184) app_init: Project name:     motion[0m
[0;32mI (188) app_init: App version:      8e31134-dirty[0m
[0;32mI (193) app_init: Compile time:     Apr 12 2026 12:35:29[0m
[0;32mI (198) app_init: ELF file SHA256:  3697607b5...[0m
[0;32mI (202) app_init: ESP-IDF:          v5.5.2[0m
[0;32mI (206) efuse_init: Min chip rev:     v0.0[0m
[0;32mI (210) efuse_init: Max chip rev:     v3.99 [0m
[0;32mI (214) efuse_init: Chip rev:         v3.1[0m
[0;32mI (218) heap_init: Initializing. RAM available for dynamic allocation:[0m
[0;32mI (224) heap_init: At 3FFAE6E0 len 00001920 (6 KiB): DRAM[0m
[0;32mI (229) heap_init: At 3FFB2DA8 len 0002D258 (180 KiB): DRAM[0m
[0;32mI (234) heap_init: At 3FFE0440 len 00003AE0 (14 KiB): D/IRAM[0m
[0;32mI (239) heap_init: At 3FFE4350 len 0001BCB0 (111 KiB): D/IRAM[0m
[0;32mI (245) heap_init: At 4008D5D0 len 00012A30 (74 KiB): IRAM[0m
[0;32mI (252) spi_flash: detected chip: generic[0m
[0;32mI (254) spi_flash: flash io: dio[0m
[0;33mW (257) spi_flash: Detected size(4096k) larger than the size in the binary image header(2048k). Using the size in the binary image header.[0m
[0;32mI (270) main_task: Started on CPU0[0m
[0;32mI (280) main_task: Calling app_main()[0m
TEST CODE STARTING...

LOG:	OPEN---
ESO1: 1
ESO2: 0
ESC1: 0
ESC2: 1
---
ESO1: 1
ESO2: 1
ESC1: 1
ESC2: 1
---
ESO1: 1
ESO2: 1
ESC1: 1
ESC2: 0
---
ESO1: 1
ESO2: 1
ESC1: 1
ESC2: 0
---
ESO1: 1
ESO2: 1
ESC1: 1
ESC2: 0
---
ESO1: 1
ESO2: 1
ESC1: 1
ESC2: 0
---
ESO1: 1
ESO2: 1
ESC1: 1
ESC2: 0
---
ESO1: 1
ESO2: 1
ESC1: 1
ESC2: 0
---
ESO1: 1
ESO2: 1
ESC1: 1
ESC2: 0
---
ESO1: 1
ESO2: 1
ESC1: 1
ESC2: 0
---
ESO1: 1
ESO2: 1
ESC1: 1
ESC2: 0
---
ESO1: 1
ESO2: 1
ESC1: 1
ESC2: 0
---
ESO1: 1
ESO2: 1
ESC1: 1
ESC2: 0
---
ESO1: 1
ESO2: 1
ESC1: 1
ESC2: 0
---
ESO1: 1
ESO2: 1
ESC1: 1
ESC2: 0
---
ESO1: 1
ESO2: 1
ESC1: 1
ESC2: 0
---
ESO1: 1
ESO2: 1
ESC1: 1
ESC2: 0
---
ESO1: 1
ESO2: 1
ESC1: 1
ESC2: 0
---
ESO1: 1
ESO2: 1
ESC1: 1
ESC2: 0
---
ESO1: 1
ESO2: 1
ESC1: 1
ESC2: 0
---
ESO1: 1
ESO2: 1
ESC1: 1
ESC2: 0
---
ESO1: 1
ESO2: 1
ESC1: 1
ESC2: 0
---
ESO1: 1
ESO2: 1
ESC1: 1
ESC2: 0
---
ESO1: 1
ESO2: 1
ESC1: 1
ESC2: 0
---
ESO1: 1
ESO2: 1
ESC1: 1
ESC2: 0
---
ESO1: 1
ESO2: 1
ESC1: 1
ESC2: 0
---
ESO1: 1
ESO2: 1
ESC1: 1
ESC2: 0
---
ESO1: 1
ESO2: 1
ESC1: 1
ESC2: 0
---
ESO1: 1
ESO2: 1
ESC1: 1
ESC2: 0
---
ESO1: 1
ESO2: 1
ESC1: 1
ESC2: 0
---
ESO1: 1
ESO2: 1
ESC1: 1
ESC2: 0
---
ESO1: 1
ESO2: 1
ESC1: 1
ESC2: 0
---
ESO1: 1
ESO2: 1
ESC1: 1
ESC2: 0
---
ESO1: 1
ESO2: 1
ESC1: 1
ESC2: 0
---
ESO1: 1
ESO2: 1
ESC1: 1
ESC2: 0
---
ESO1: 1
ESO2: 1
ESC1: 1
ESC2: 0
---
ESO1: 1
ESO2: 1
ESC1: 1
ESC2: 0
---
ESO1: 1
ESO2: 1
ESC1: 1
ESC2: 0
---
ESO1: 1
ESO2: 1
ESC1: 1
ESC2: 0
---
ESO1: 1
ESO2: 1
ESC1: 1
ESC2: 0
---
ESO1: 1
ESO2: 1
ESC1: 1
ESC2: 0
---
ESO1: 1
ESO2: 1
ESC1: 1
ESC2: 0
---
ESO1: 1
ESO2: 1
ESC1: 1
ESC2: 0
