Command: /home/warezoid/.espressif/python_env/idf5.5_py3.12_env/bin/python /esp/esp-idf/tools/idf_monitor.py -p /dev/ttyUSB0 -b 115200 --toolchain-prefix xtensa-esp32-elf- --target esp32 --revision 0 /media/warezoid/Storage drive1/warezoid/work/projects/smart_flowerpot/code/src/esp-idf/smart_flowerpot/esp32/drivers/motion/build/motion.elf /media/warezoid/Storage drive1/warezoid/work/projects/smart_flowerpot/code/src/esp-idf/smart_flowerpot/esp32/drivers/motion/build/bootloader/bootloader.elf -m '/home/warezoid/.espressif/python_env/idf5.5_py3.12_env/bin/python' '/esp/esp-idf/tools/idf.py' '-p' '/dev/ttyUSB0'
=00020h (    32) load
[0;32mI (159) boot: Loaded app from partition at offset 0x10000[0m
[0;32mI (159) boot: Disabling �ets Jul 29 2019 12:21:46[0m

rst:0x1 (POWERON_RESET),boot:0x13 (SPI_FAST_FLASH_BOOT)
configsip: 0, SPIWP:0xee
clk_drv:0x00,q_drv:0x00,d_drv:0x00,cs0_drv:0x00,hd_drv:0x00,wp_drv:0x00
mode:DIO, clock div:2
load:0x3fff0030,len:6384
load:0x40078000,len:15916
load:0x40080400,len:3920
entry 0x40080644
[0;32mI (27) boot: ESP-IDF v5.5.2 2nd stage bootloader[0m
[0;32mI (27) boot: compile time Jun 15 2026 17:56:31[0m
[0;32mI (28) boot: Multicore bootloader[0m
[0;32mI (29) boot: chip revision: v3.1[0m
[0;32mI (32) boot.esp32: SPI Speed      : 40MHz[0m
[0;32mI (35) boot.esp32: SPI Mode       : DIO[0m
[0;32mI (39) boot.esp32: SPI Flash Size : 2MB[0m
[0;32mI (42) boot: Enabling RNG early entropy source...[0m
[0;32mI (47) boot: Partition Table:[0m
[0;32mI (49) boot: ## Label            Usage          Type ST Offset   Length[0m
[0;32mI (56) boot:  0 nvs              WiFi data        01 02 00009000 00006000[0m
[0;32mI (62) boot:  1 phy_init         RF data          01 01 0000f000 00001000[0m
[0;32mI (69) boot:  2 factory          factory app      00 00 00010000 00100000[0m
[0;32mI (75) boot: End of partition table[0m
[0;32mI (79) esp_image: segment 0: paddr=00010020 vaddr=3f400020 size=0a56ch ( 42348) map[0m
[0;32mI (101) esp_image: segment 1: paddr=0001a594 vaddr=3ffb0000 size=02478h (  9336) load[0m
[0;32mI (104) esp_image: segment 2: paddr=0001ca14 vaddr=40080000 size=03604h ( 13828) load[0m
[0;32mI (110) esp_image: segment 3: paddr=00020020 vaddr=400d0020 size=1111ch ( 69916) map[0m
[0;32mI (136) esp_image: segment 4: paddr=00031144 vaddr=40083604 size=09fcch ( 40908) load[0m
[0;32mI (152) esp_image: segment 5: paddr=0003b118 vaddr=50000000 size=00020h (    32) load[0m
[0;32mI (159) boot: Loaded app from partition at offset 0x10000[0m
[0;32mI (159) boot: Disabling RNG early entropy source...[0m
[0;32mI (170) cpu_start: Multicore app[0m
[0;32mI (179) cpu_start: GPIO 3 and 1 are used as console UART I/O pins[0m
[0;32mI (179) cpu_start: Pro cpu start user code[0m
[0;32mI (179) cpu_start: cpu freq: 160000000 Hz[0m
[0;32mI (181) app_init: Application information:[0m
[0;32mI (184) app_init: Project name:     motion[0m
[0;32mI (188) app_init: App version:      ed21d59-dirty[0m
[0;32mI (193) app_init: Compile time:     Jun 23 2026 18:09:17[0m
[0;32mI (198) app_init: ELF file SHA256:  4096a6ed3...[0m
[0;32mI (202) app_init: ESP-IDF:          v5.5.2[0m
[0;32mI (206) efuse_init: Min chip rev:     v0.0[0m
[0;32mI (210) efuse_init: Max chip rev:     v3.99 [0m
[0;32mI (214) efuse_init: Chip rev:         v3.1[0m
[0;32mI (218) heap_init: Initializing. RAM available for dynamic allocation:[0m
[0;32mI (224) heap_init: At 3FFAE6E0 len 00001920 (6 KiB): DRAM[0m
[0;32mI (229) heap_init: At 3FFB2DA8 len 0002D258 (180 KiB): DRAM[0m
[0;32mI (234) heap_init: At 3FFE0440 len 00003AE0 (14 KiB): D/IRAM[0m
[0;32mI (240) heap_init: At 3FFE4350 len 0001BCB0 (111 KiB): D/IRAM[0m
[0;32mI (245) heap_init: At 4008D5D0 len 00012A30 (74 KiB): IRAM[0m
[0;32mI (252) spi_flash: detected chip: generic[0m
[0;32mI (254) spi_flash: flash io: dio[0m
[0;33mW (257) spi_flash: Detected size(4096k) larger than the size in the binary image header(2048k). Using the size in the binary image header.[0m
[0;32mI (270) main_task: Started on CPU0[0m
[0;32mI (280) main_task: Calling app_main()[0m
STATE:	CLOSING
TICKS started!
TICKS: 55000
TICKS: 55100
TICKS: 55200
TICKS: 55300
TICKS: 55400
TICKS: 55500
TICKS: 55600
TICKS: 55700
TICKS: 55800
TICKS: 55900
TICKS: 56000
TICKS: 56100
TICKS: 56200
TICKS: 56300
TICKS: 56400
TICKS: 56500
TICKS: 56600
TICKS: 56700
TICKS: 56800
TICKS: 56900
TICKS: 57000
TICKS: 57100
TICKS: 57200
TICKS: 57300
TICKS: 57400
TICKS: 57500
TICKS: 57600
TICKS: 57700
TICKS: 57800
TICKS: 57900
TICKS: 58000
TICKS: 58100
TICKS: 58200
TICKS: 58300
TICKS: 58400
TICKS: 58500
TICKS: 58600
TICKS: 58700
TICKS: 58800
TICKS: 58900
TICKS: 59000
TICKS: 59100
TICKS: 59200
TICKS: 59300
TICKS: 59400
TICKS: 59500
TICKS: 59600
TICKS: 59700
TICKS: 59800
TICKS: 59900
TICKS: 60000
TICKS: 60100
TICKS: 60200
TICKS: 60300
TICKS: 60400
TICKS: 60500
TICKS: 60600
TICKS: 60700
TICKS: 60800
TICKS: 60900
TICKS: 61000
TICKS: 61100
TICKS: 61200
TICKS: 61300
TICKS: 61400
TICKS: 61500
TICKS: 61600
TICKS: 61700
TICKS: 61800
TICKS: 61900
TICKS: 62000
TICKS: 62100
TICKS: 62200
TICKS: 62300
TICKS: 62400
TICKS: 62500
TICKS: 62600
TICKS: 62700
TICKS: 62800
TICKS: 62900
TICKS: 63000
TICKS: 63100
TICKS: 63200
TICKS: 63300
TICKS: 63400
TICKS: 63500
TICKS: 63600
TICKS: 63700
TICKS: 63800
TICKS: 63900
TICKS: 64000
TICKS: 64100
TICKS: 64200
TICKS: 64300
TICKS: 64400
TICKS: 64500
TICKS: 64600
TICKS: 64700
TICKS: 64800
TICKS: 64900
TICKS: 65000
TICKS: 65100
TICKS: 65200
TICKS: 65300
TICKS: 65400
TICKS: 65500
TICKS: 65600
TICKS: 65700
TICKS: 65800
TICKS: 65900
TICKS: 66000
TICKS: 66100
TICKS: 66200
TICKS: 66300
TICKS: 66400
TICKS: 66500
TICKS: 66600
TICKS: 66700
TICKS: 66800
TICKS: 66900
TICKS: 67000
